\BOOKMARK [1][-]{section.1}{\376\377\000J\000a\000v\000a\000\040\000c\000o\000r\000e\000.}{}% 1
\BOOKMARK [2][-]{subsection.1.1}{\376\377\004\047\004\102\004\076\000\040\004\102\004\060\004\072\004\076\004\065\000\040\004\077\004\100\004\070\004\074\004\070\004\102\004\070\004\062\004\075\004\113\004\065\000\040\004\102\004\070\004\077\004\113\000\040\004\064\004\060\004\075\004\075\004\113\004\105\000\040\004\062\000\040\000J\000a\000v\000a\000?}{section.1}% 2
\BOOKMARK [2][-]{subsection.1.2}{\376\377\004\047\004\102\004\076\000\040\004\102\004\060\004\072\004\076\004\065\000\040\004\072\004\073\004\060\004\101\004\101\004\113\000-\004\076\004\061\004\065\004\100\004\102\004\072\004\070\000\040\000\050\000W\000r\000a\000p\000p\000e\000r\000\040\000C\000l\000a\000s\000s\000e\000s\000\051\000?}{section.1}% 3
\BOOKMARK [2][-]{subsection.1.3}{\376\377\004\037\004\100\004\070\004\075\004\106\004\070\004\077\004\113\000\040\004\036\004\036\004\037\000\040\004\062\000\040\000J\000a\000v\000a\000.}{section.1}% 4
\BOOKMARK [2][-]{subsection.1.4}{\376\377\004\030\004\075\004\102\004\065\004\100\004\104\004\065\004\071\004\101\004\113\000\040\000v\000s\000.\000\040\004\020\004\061\004\101\004\102\004\100\004\060\004\072\004\102\004\075\004\113\004\065\000\040\004\072\004\073\004\060\004\101\004\101\004\113}{section.1}% 5
\BOOKMARK [2][-]{subsection.1.5}{\376\377\000S\000t\000r\000i\000n\000g\000\040\000v\000s\000\040\000S\000t\000r\000i\000n\000g\000B\000u\000i\000l\000d\000e\000r\000\040\000v\000s\000\040\000S\000t\000r\000i\000n\000g\000B\000u\000f\000f\000e\000r}{section.1}% 6
\BOOKMARK [2][-]{subsection.1.6}{\376\377\004\043\004\101\004\102\004\100\004\076\004\071\004\101\004\102\004\062\004\076\000\040\004\072\004\073\004\060\004\101\004\101\004\060\000:\000\040\004\072\004\076\004\075\004\101\004\102\004\100\004\103\004\072\004\102\004\076\004\100\000,\000\040\000g\000e\000t\000t\000e\000r\000,\000\040\000s\000e\000t\000t\000e\000r\000,\000\040\000e\000q\000u\000a\000l\000s\000\040\000\046\000\040\000h\000a\000s\000h\000C\000o\000d\000e\000,\000\040\000t\000o\000S\000t\000r\000i\000n\000g}{section.1}% 7
\BOOKMARK [2][-]{subsection.1.7}{\376\377\000J\000V\000M\000\040\000v\000s\000\040\000J\000D\000K\000\040\000v\000s\000\040\000J\000R\000E}{section.1}% 8
\BOOKMARK [2][-]{subsection.1.8}{\376\377\004\032\004\073\004\116\004\107\004\065\004\062\004\076\004\065\000\040\004\101\004\073\004\076\004\062\004\076\000\040\000s\000t\000a\000t\000i\000c}{section.1}% 9
\BOOKMARK [2][-]{subsection.1.9}{\376\377\004\032\004\073\004\116\004\107\004\065\004\062\004\076\004\065\000\040\004\101\004\073\004\076\004\062\004\076\000\040\000f\000i\000n\000a\000l}{section.1}% 10
\BOOKMARK [2][-]{subsection.1.10}{\376\377\004\047\004\102\004\076\000\040\004\102\004\060\004\072\004\076\004\065\000\040\004\077\004\065\004\100\004\065\004\107\004\070\004\101\004\073\004\065\004\075\004\070\004\117\000\040\000\050\000e\000n\000u\000m\000\051}{section.1}% 11
\BOOKMARK [2][-]{subsection.1.11}{\376\377\004\047\004\102\004\076\000\040\004\102\004\060\004\072\004\076\004\065\000\040\004\070\004\101\004\072\004\073\004\116\004\107\004\065\004\075\004\070\004\117\000\040\000\050\000e\000x\000c\000e\000p\000t\000i\000o\000n\000s\000\051}{section.1}% 12
\BOOKMARK [2][-]{subsection.1.12}{\376\377\004\047\004\102\004\076\000\040\004\102\004\060\004\072\004\076\004\065\000\040\004\072\004\073\004\060\004\101\004\101\000\040\000O\000b\000j\000e\000c\000t}{section.1}% 13
\BOOKMARK [2][-]{subsection.1.13}{\376\377\004\047\004\102\004\076\000\040\004\102\004\060\004\072\004\076\004\065\000\040\000R\000e\000f\000l\000e\000c\000t\000i\000o\000n\000\040\000A\000P\000I}{section.1}% 14
\BOOKMARK [2][-]{subsection.1.14}{\376\377\004\047\004\102\004\076\000\040\004\102\004\060\004\072\004\076\004\065\000\040\000O\000p\000t\000i\000o\000n\000a\000l}{section.1}% 15
\BOOKMARK [2][-]{subsection.1.15}{\376\377\004\032\004\060\004\072\004\070\004\065\000\040\004\065\004\101\004\102\004\114\000\040\004\060\004\073\004\114\004\102\004\065\004\100\004\075\004\060\004\102\004\070\004\062\004\113\000\040\004\062\004\076\004\067\004\062\004\100\004\060\004\102\004\103\000\040\000n\000u\000l\000l\000\040\004\070\004\067\000\040\004\074\004\065\004\102\004\076\004\064\004\076\004\062}{section.1}% 16
\BOOKMARK [2][-]{subsection.1.16}{\376\377\004\032\004\076\004\073\004\073\004\065\004\072\004\106\004\070\004\070\000\040\000\050\000C\000o\000l\000l\000e\000c\000t\000i\000o\000n\000s\000\040\000F\000r\000a\000m\000e\000w\000o\000r\000k\000\051\000\040\004\062\000\040\000J\000a\000v\000a}{section.1}% 17
\BOOKMARK [2][-]{subsection.1.17}{\376\377\000A\000r\000r\000a\000y\000L\000i\000s\000t\000\040\000v\000s\000\040\004\036\004\061\004\113\004\107\004\075\004\113\004\071\000\040\004\074\004\060\004\101\004\101\004\070\004\062}{section.1}% 18
\BOOKMARK [2][-]{subsection.1.18}{\376\377\004\047\004\102\004\076\000\040\004\102\004\060\004\072\004\076\004\065\000\040\000I\000t\000e\000r\000a\000b\000l\000e\000\040\004\070\000\040\000I\000t\000e\000r\000a\000t\000o\000r}{section.1}% 19
\BOOKMARK [2][-]{subsection.1.19}{\376\377\004\047\004\102\004\076\000\040\004\102\004\060\004\072\004\076\004\065\000\040\004\060\004\075\004\076\004\075\004\070\004\074\004\075\004\113\004\065\000\040\004\072\004\073\004\060\004\101\004\101\004\113\000\040\004\070\000\040\004\073\004\117\004\074\004\061\004\064\004\060\000-\004\062\004\113\004\100\004\060\004\066\004\065\004\075\004\070\004\117}{section.1}% 20
\BOOKMARK [2][-]{subsection.1.20}{\376\377\004\033\004\117\004\074\004\061\004\064\004\060\000-\004\062\004\113\004\100\004\060\004\066\004\065\004\075\004\070\004\117\000\040\004\070\000\040\004\104\004\103\004\075\004\072\004\106\004\070\004\076\004\075\004\060\004\073\004\114\004\075\004\113\004\065\000\040\004\070\004\075\004\102\004\065\004\100\004\104\004\065\004\071\004\101\004\113}{section.1}% 21
\BOOKMARK [1][-]{section.2}{\376\377\000J\000a\000v\000a\000\040\000A\000d\000v\000a\000n\000c\000e\000d\000.}{}% 22
\BOOKMARK [2][-]{subsection.2.1}{\376\377\004\047\004\102\004\076\000\040\004\102\004\060\004\072\004\076\004\065\000\040\000g\000e\000n\000e\000r\000i\000c\000s\000\040\000\050\004\076\004\061\004\076\004\061\004\111\004\065\004\075\004\070\004\117\000\051}{section.2}% 23
\BOOKMARK [2][-]{subsection.2.2}{\376\377\004\037\004\076\004\107\004\065\004\074\004\103\000\040\004\075\004\065\004\073\004\114\004\067\004\117\000\040\004\101\004\076\004\067\004\064\004\060\004\102\004\114\000\040\004\074\004\060\004\101\004\101\004\070\004\062\000\040\004\064\004\066\004\065\004\075\004\065\004\100\004\070\004\072\004\076\004\062\000\040\000\050\000n\000e\000w\000\040\000T\000[\000]\000\051\000?}{section.2}% 24
\BOOKMARK [2][-]{subsection.2.3}{\376\377\004\032\004\060\004\072\000\040\004\100\004\060\004\061\004\076\004\102\004\060\004\065\004\102\000\040\000H\000a\000s\000h\000M\000a\000p}{section.2}% 25
\BOOKMARK [2][-]{subsection.2.4}{\376\377\000H\000a\000s\000h\000S\000e\000t\000\040\000v\000s\000\040\000L\000i\000n\000k\000e\000d\000H\000a\000s\000h\000S\000e\000t}{section.2}% 26
\BOOKMARK [2][-]{subsection.2.5}{\376\377\004\032\004\060\004\072\000\040\004\077\004\100\004\076\004\070\004\101\004\105\004\076\004\064\004\070\004\102\000\040\004\100\004\060\004\061\004\076\004\102\004\060\000\040\004\101\000\040\004\074\004\075\004\076\004\063\004\076\004\077\004\076\004\102\004\076\004\107\004\075\004\076\004\101\004\102\004\114\004\116\000\040\004\062\000\040\000J\000a\000v\000a}{section.2}% 27
\BOOKMARK [2][-]{subsection.2.6}{\376\377\004\047\004\102\004\076\000\040\004\102\004\060\004\072\004\076\004\065\000\040\000S\000t\000r\000e\000a\000m\000\040\000A\000P\000I}{section.2}% 28
\BOOKMARK [2][-]{subsection.2.7}{\376\377\004\047\004\102\004\076\000\040\004\102\004\060\004\072\004\076\004\065\000\040\004\060\004\075\004\075\004\076\004\102\004\060\004\106\004\070\004\070\000\040\004\062\000\040\000J\000a\000v\000a\000,\000\040\004\072\004\060\004\072\000\040\004\101\004\076\004\067\004\064\004\060\004\102\004\114\000\040\004\101\004\076\004\061\004\101\004\102\004\062\004\065\004\075\004\075\004\103\004\116}{section.2}% 29
\BOOKMARK [2][-]{subsection.2.8}{\376\377\004\047\004\102\004\076\000\040\004\102\004\060\004\072\004\076\004\065\000\040\000R\000e\000c\000o\000r\000d\000s}{section.2}% 30
\BOOKMARK [2][-]{subsection.2.9}{\376\377\004\043\004\101\004\102\004\100\004\076\004\071\004\101\004\102\004\062\004\076\000\040\004\077\004\060\004\074\004\117\004\102\004\070\000\040\004\062\000\040\000J\000V\000M\000:\000\040\004\076\004\061\004\073\004\060\004\101\004\102\004\070\000\040\004\070\000\040\004\070\004\105\000\040\004\076\004\102\004\062\004\065\004\102\004\101\004\102\004\062\004\065\004\075\004\075\004\076\004\101\004\102\004\114}{section.2}% 31
\BOOKMARK [2][-]{subsection.2.10}{\376\377\004\043\004\101\004\102\004\100\004\076\004\071\004\101\004\102\004\062\004\076\000\040\000G\000a\000r\000b\000a\000g\000e\000\040\000C\000o\000l\000l\000e\000c\000t\000i\000o\000n\000\040\004\062\000\040\000J\000V\000M\000:\000\040\004\067\004\060\004\064\004\060\004\107\004\070\000,\000\040\004\062\004\070\004\064\004\113\000,\000\040\004\072\004\060\004\072\000\040\004\100\004\060\004\061\004\076\004\102\004\060\004\065\004\102}{section.2}% 32
\BOOKMARK [2][-]{subsection.2.11}{\376\377\004\047\004\102\004\076\000\040\004\102\004\060\004\072\004\076\004\065\000\040\000J\000I\000T\000-\004\072\004\076\004\074\004\077\004\070\004\073\004\117\004\106\004\070\004\117}{section.2}% 33
\BOOKMARK [2][-]{subsection.2.12}{\376\377\004\047\004\102\004\076\000\040\004\102\004\060\004\072\004\076\004\065\000\040\000U\000n\000i\000t\000\040\004\070\000\040\004\070\004\075\004\102\004\065\004\063\004\100\004\060\004\106\004\070\004\076\004\075\004\075\004\113\004\065\000\040\004\102\004\065\004\101\004\102\004\113}{section.2}% 34
\BOOKMARK [2][-]{subsection.2.13}{\376\377\004\047\004\102\004\076\000\040\004\102\004\060\004\072\004\076\004\065\000\040\000E\0002\000E\000\040\004\102\004\065\004\101\004\102\004\070\004\100\004\076\004\062\004\060\004\075\004\070\004\065}{section.2}% 35
\BOOKMARK [2][-]{subsection.2.14}{\376\377\004\047\004\102\004\076\000\040\004\102\004\060\004\072\004\076\004\065\000\040\004\077\004\076\004\102\004\076\004\072\004\076\004\061\004\065\004\067\004\076\004\077\004\060\004\101\004\075\004\076\004\101\004\102\004\114\000\040\004\070\000\040\004\072\004\060\004\072\000\040\004\065\004\065\000\040\004\064\004\076\004\101\004\102\004\070\004\107\004\114}{section.2}% 36
\BOOKMARK [2][-]{subsection.2.15}{\376\377\004\037\004\100\004\076\004\061\004\073\004\065\004\074\004\060\000\040\000R\000a\000c\000e\000\040\000C\000o\000n\000d\000i\000t\000i\000o\000n}{section.2}% 37
\BOOKMARK [2][-]{subsection.2.16}{\376\377\004\032\004\073\004\116\004\107\004\065\004\062\004\076\004\065\000\040\004\101\004\073\004\076\004\062\004\076\000\040\000v\000o\000l\000a\000t\000i\000l\000e}{section.2}% 38
\BOOKMARK [2][-]{subsection.2.17}{\376\377\004\032\004\073\004\116\004\107\004\065\004\062\004\076\004\065\000\040\004\101\004\073\004\076\004\062\004\076\000\040\000s\000y\000n\000c\000h\000r\000o\000n\000i\000z\000e\000d}{section.2}% 39
\BOOKMARK [2][-]{subsection.2.18}{\376\377\004\047\004\102\004\076\000\040\004\102\004\060\004\072\004\076\004\065\000\040\004\060\004\102\004\076\004\074\004\060\004\100\004\075\004\113\004\065\000\040\004\072\004\073\004\060\004\101\004\101\004\113}{section.2}% 40
\BOOKMARK [2][-]{subsection.2.19}{\376\377\004\047\004\102\004\076\000\040\004\102\004\060\004\072\004\076\004\065\000\040\000H\000a\000p\000p\000e\000n\000s\000-\000b\000e\000f\000o\000r\000e\000\040\004\062\000\040\000J\000a\000v\000a\000\040\000M\000e\000m\000o\000r\000y\000\040\000M\000o\000d\000e\000l\000\040\000\050\000J\000M\000M\000\051}{section.2}% 41
\BOOKMARK [2][-]{subsection.2.20}{\376\377\004\032\004\060\004\072\000\040\004\101\004\076\004\067\004\064\004\060\004\062\004\060\004\102\004\114\000\040\004\077\004\076\004\102\004\076\004\072\004\070\000\040\004\062\000\040\000J\000a\000v\000a}{section.2}% 42
\BOOKMARK [2][-]{subsection.2.21}{\376\377\004\032\004\060\004\072\000\040\000G\000a\000r\000b\000a\000g\000e\000\040\000C\000o\000l\000l\000e\000c\000t\000o\000r\000\040\004\100\004\060\004\061\004\076\004\102\004\060\004\065\004\102\000\040\004\101\000\040\000H\000e\000a\000p}{section.2}% 43
\BOOKMARK [2][-]{subsection.2.22}{\376\377\004\032\004\060\004\072\000\040\004\100\004\060\004\061\004\076\004\102\004\060\004\065\004\102\000\040\000C\000o\000n\000c\000u\000r\000r\000e\000n\000t\000H\000a\000s\000h\000M\000a\000p}{section.2}% 44
\BOOKMARK [2][-]{subsection.2.23}{\376\377\004\032\004\060\004\072\000\040\004\100\004\060\004\061\004\076\004\102\004\060\004\065\004\102\000\040\000C\000o\000p\000y\000O\000n\000W\000r\000i\000t\000e\000A\000r\000r\000a\000y\000L\000i\000s\000t}{section.2}% 45
\BOOKMARK [2][-]{subsection.2.24}{\376\377\004\047\004\102\004\076\000\040\004\102\004\060\004\072\004\076\004\065\000\040\000E\000x\000e\000c\000u\000t\000o\000r\000S\000e\000r\000v\000i\000c\000e\000,\000\040\004\072\004\060\004\072\004\070\004\065\000\040\004\101\004\103\004\111\004\065\004\101\004\102\004\062\004\103\004\116\004\102\000\040\004\100\004\065\004\060\004\073\004\070\004\067\004\060\004\106\004\070\004\070}{section.2}% 46
\BOOKMARK [2][-]{subsection.2.25}{\376\377\000F\000u\000t\000u\000r\000e\000\040\000v\000s\000\040\000C\000o\000m\000p\000l\000e\000t\000a\000b\000l\000e\000F\000u\000t\000u\000r\000e}{section.2}% 47
\BOOKMARK [1][-]{section.3}{\376\377\000D\000B\000.}{}% 48
\BOOKMARK [2][-]{subsection.3.1}{\376\377\004\040\004\065\004\073\004\117\004\106\004\070\004\076\004\075\004\075\004\113\004\065\000\040\004\061\004\060\004\067\004\113\000\040\004\064\004\060\004\075\004\075\004\113\004\105\000\040\000\050\000S\000Q\000L\000\051}{section.3}% 49
\BOOKMARK [2][-]{subsection.3.2}{\376\377\000N\000o\000S\000Q\000L\000\040\004\061\004\060\004\067\004\113\000\040\004\064\004\060\004\075\004\075\004\113\004\105}{section.3}% 50
\BOOKMARK [2][-]{subsection.3.3}{\376\377\004\036\004\101\004\075\004\076\004\062\004\075\004\113\004\065\000\040\004\077\004\076\004\075\004\117\004\102\004\070\004\117\000\040\004\062\000\040\000S\000Q\000L\000,\000\040\004\062\004\070\004\064\004\113\000\040\004\067\004\060\004\077\004\100\004\076\004\101\004\076\004\062}{section.3}% 51
\BOOKMARK [2][-]{subsection.3.4}{\376\377\004\042\004\100\004\060\004\075\004\067\004\060\004\072\004\106\004\070\004\070\000\040\004\070\000\040\004\070\004\105\000\040\004\101\004\062\004\076\004\071\004\101\004\102\004\062\004\060}{section.3}% 52
\BOOKMARK [2][-]{subsection.3.5}{\376\377\004\047\004\102\004\076\000\040\004\102\004\060\004\072\004\076\004\065\000\040\000O\000R\000M\000\040\000\050\000O\000b\000j\000e\000c\000t\000-\000R\000e\000l\000a\000t\000i\000o\000n\000a\000l\000\040\000M\000a\000p\000p\000i\000n\000g\000\051}{section.3}% 53
\BOOKMARK [2][-]{subsection.3.6}{\376\377\004\047\004\102\004\076\000\040\004\102\004\060\004\072\004\076\004\065\000\040\004\074\004\070\004\063\004\100\004\060\004\106\004\070\004\070\000\040\004\061\004\060\004\067\004\113\000\040\004\064\004\060\004\075\004\075\004\113\004\105}{section.3}% 54
\BOOKMARK [2][-]{subsection.3.7}{\376\377\004\047\004\102\004\076\000\040\004\102\004\060\004\072\004\076\004\065\000\040\004\070\004\075\004\064\004\065\004\072\004\101\004\113\000,\000\040\004\072\004\060\004\072\004\070\004\065\000\040\004\061\004\113\004\062\004\060\004\116\004\102}{section.3}% 55
\BOOKMARK [2][-]{subsection.3.8}{\376\377\004\047\004\102\004\076\000\040\004\102\004\060\004\072\004\076\004\065\000\040\000J\000D\000B\000C}{section.3}% 56
\BOOKMARK [2][-]{subsection.3.9}{\376\377\004\047\004\102\004\076\000\040\004\102\004\060\004\072\004\076\004\065\000\040\000P\000r\000i\000m\000a\000r\000y\000\040\000K\000e\000y}{section.3}% 57
\BOOKMARK [2][-]{subsection.3.10}{\376\377\004\047\004\102\004\076\000\040\004\102\004\060\004\072\004\076\004\065\000\040\000F\000o\000r\000e\000i\000g\000n\000\040\000K\000e\000y}{section.3}% 58
\BOOKMARK [2][-]{subsection.3.11}{\376\377\004\041\004\076\004\067\004\064\004\060\004\075\004\070\004\065\000\040\004\102\004\060\004\061\004\073\004\070\004\106\004\113\000\040\004\062\000\040\000S\000Q\000L}{section.3}% 59
\BOOKMARK [2][-]{subsection.3.12}{\376\377\004\042\004\070\004\077\004\113\000\040\000J\000O\000I\000N}{section.3}% 60
\BOOKMARK [2][-]{subsection.3.13}{\376\377\004\032\004\060\004\072\000\040\004\100\004\060\004\061\004\076\004\102\004\060\004\065\004\102\000\040\000G\000R\000O\000U\000P\000\040\000B\000Y\000\040\004\062\000\040\000S\000Q\000L}{section.3}% 61
\BOOKMARK [2][-]{subsection.3.14}{\376\377\000A\000C\000I\000D}{section.3}% 62
\BOOKMARK [2][-]{subsection.3.15}{\376\377\000O\000p\000t\000i\000m\000i\000s\000t\000i\000c\000\040\004\070\000\040\000P\000e\000s\000s\000i\000m\000i\000s\000t\000i\000c\000\040\004\061\004\073\004\076\004\072\004\070\004\100\004\076\004\062\004\072\004\070}{section.3}% 63
\BOOKMARK [2][-]{subsection.3.16}{\376\377\000C\000A\000P\000-\004\102\004\065\004\076\004\100\004\065\004\074\004\060}{section.3}% 64
\BOOKMARK [2][-]{subsection.3.17}{\376\377\000B\000A\000S\000E\000\040\004\062\000\040\000N\000o\000S\000Q\000L}{section.3}% 65
\BOOKMARK [2][-]{subsection.3.18}{\376\377\004\040\004\065\004\077\004\073\004\070\004\072\004\060\004\106\004\070\004\117\000\040\004\062\000\040\004\021\004\024}{section.3}% 66
\BOOKMARK [2][-]{subsection.3.19}{\376\377\000A\000p\000a\000c\000h\000e\000\040\000C\000a\000s\000s\000a\000n\000d\000r\000a}{section.3}% 67
\BOOKMARK [2][-]{subsection.3.20}{\376\377\000C\000a\000s\000s\000a\000n\000d\000r\000a\000\040\000v\000s\000.\000\040\000S\000c\000y\000l\000l\000a\000D\000B}{section.3}% 68
\BOOKMARK [2][-]{subsection.3.21}{\376\377\000K\000e\000y\000s\000p\000a\000c\000e\000\040\004\070\000\040\000C\000o\000l\000u\000m\000n\000\040\000F\000a\000m\000i\000l\000y\000\040\004\062\000\040\000C\000a\000s\000s\000a\000n\000d\000r\000a}{section.3}% 69
\BOOKMARK [1][-]{section.4}{\376\377\000S\000p\000r\000i\000n\000g\000,\000\040\004\034\004\076\004\075\004\070\004\102\004\076\004\100\004\070\004\075\004\063\000.}{}% 70
\BOOKMARK [2][-]{subsection.4.1}{\376\377\000A\000O\000P\000\040\004\062\000\040\000S\000p\000r\000i\000n\000g}{section.4}% 71
\BOOKMARK [2][-]{subsection.4.2}{\376\377\000I\000o\000C\000\040\004\062\000\040\000S\000p\000r\000i\000n\000g}{section.4}% 72
\BOOKMARK [2][-]{subsection.4.3}{\376\377\004\047\004\102\004\076\000\040\004\102\004\060\004\072\004\076\004\065\000\040\000S\000p\000r\000i\000n\000g\000\040\000B\000e\000a\000n}{section.4}% 73
\BOOKMARK [2][-]{subsection.4.4}{\376\377\004\026\004\070\004\067\004\075\004\065\004\075\004\075\004\113\004\071\000\040\004\106\004\070\004\072\004\073\000\040\000S\000p\000r\000i\000n\000g\000\040\000B\000e\000a\000n}{section.4}% 74
\BOOKMARK [2][-]{subsection.4.5}{\376\377\000S\000c\000o\000p\000e\000\040\004\061\004\070\004\075\004\076\004\062}{section.4}% 75
\BOOKMARK [2][-]{subsection.4.6}{\376\377\004\047\004\102\004\076\000\040\004\102\004\060\004\072\004\076\004\065\000\040\000D\000i\000s\000p\000a\000t\000c\000h\000e\000r\000S\000e\000r\000v\000l\000e\000t}{section.4}% 76
\BOOKMARK [2][-]{subsection.4.7}{\376\377\004\034\004\060\004\077\004\077\004\070\004\075\004\063\000\040\000H\000T\000T\000P\000-\004\067\004\060\004\077\004\100\004\076\004\101\004\076\004\062\000\040\004\062\000\040\000S\000p\000r\000i\000n\000g}{section.4}% 77
\BOOKMARK [2][-]{subsection.4.8}{\376\377\004\022\004\060\004\073\004\070\004\064\004\060\004\106\004\070\004\117\000\040\004\062\000\040\000S\000p\000r\000i\000n\000g\000\040\000M\000V\000C}{section.4}% 78
\BOOKMARK [2][-]{subsection.4.9}{\376\377\004\036\004\061\004\100\004\060\004\061\004\076\004\102\004\072\004\060\000\040\004\070\004\101\004\072\004\073\004\116\004\107\004\065\004\075\004\070\004\071\000\040\004\062\000\040\004\072\004\076\004\075\004\102\004\100\004\076\004\073\004\073\004\065\004\100\004\060\004\105\000\040\000S\000p\000r\000i\000n\000g}{section.4}% 79
\BOOKMARK [2][-]{subsection.4.10}{\376\377\004\047\004\102\004\076\000\040\004\102\004\060\004\072\004\076\004\065\000\040\004\070\004\075\004\102\004\065\004\100\004\106\004\065\004\077\004\102\004\076\004\100\004\113\000\040\004\062\000\040\000S\000p\000r\000i\000n\000g}{section.4}% 80
\BOOKMARK [2][-]{subsection.4.11}{\376\377\000@\000C\000o\000n\000t\000r\000o\000l\000l\000e\000r\000\040\000v\000s\000.\000\040\000@\000R\000e\000s\000t\000C\000o\000n\000t\000r\000o\000l\000l\000e\000r}{section.4}% 81
\BOOKMARK [2][-]{subsection.4.12}{\376\377\004\042\004\100\004\060\004\075\004\067\004\060\004\072\004\106\004\070\004\070\000\040\004\062\000\040\000S\000p\000r\000i\000n\000g\000:\000\040\004\072\004\060\004\072\000\040\004\100\004\060\004\061\004\076\004\102\004\060\004\116\004\102\000,\000\040\004\101\004\062\004\076\004\071\004\101\004\102\004\062\004\060}{section.4}% 82
\BOOKMARK [2][-]{subsection.4.13}{\376\377\004\026\004\070\004\067\004\075\004\065\004\075\004\075\004\113\004\071\000\040\004\106\004\070\004\072\004\073\000\040\004\101\004\103\004\111\004\075\004\076\004\101\004\102\004\070\000\040\004\062\000\040\000H\000i\000b\000e\000r\000n\000a\000t\000e}{section.4}% 83
\BOOKMARK [2][-]{subsection.4.14}{\376\377\004\041\004\062\004\117\004\067\004\070\000\040\004\074\004\065\004\066\004\064\004\103\000\040\004\101\004\103\004\111\004\075\004\076\004\101\004\102\004\117\004\074\004\070\000\040\004\062\000\040\000H\000i\000b\000e\000r\000n\000a\000t\000e}{section.4}% 84
\BOOKMARK [2][-]{subsection.4.15}{\376\377\004\047\004\102\004\076\000\040\004\102\004\060\004\072\004\076\004\065\000\040\000H\000i\000b\000e\000r\000n\000a\000t\000e}{section.4}% 85
\BOOKMARK [2][-]{subsection.4.16}{\376\377\004\047\004\102\004\076\000\040\004\102\004\060\004\072\004\076\004\065\000\040\000J\000P\000A}{section.4}% 86
\BOOKMARK [2][-]{subsection.4.17}{\376\377\004\037\004\100\004\076\004\061\004\073\004\065\004\074\004\060\000\040\000L\000a\000z\000y\000I\000n\000i\000t\000i\000a\000l\000i\000z\000a\000t\000i\000o\000n\000E\000x\000c\000e\000p\000t\000i\000o\000n}{section.4}% 87
\BOOKMARK [2][-]{subsection.4.18}{\376\377\004\037\004\100\004\076\004\061\004\073\004\065\004\074\004\060\000\040\000N\000+\0001\000\040\004\062\000\040\000H\000i\000b\000e\000r\000n\000a\000t\000e}{section.4}% 88
\BOOKMARK [2][-]{subsection.4.19}{\376\377\004\032\004\060\004\072\000\040\004\100\004\060\004\061\004\076\004\102\004\060\004\065\004\102\000\040\000S\000p\000r\000i\000n\000g\000\040\000S\000e\000c\000u\000r\000i\000t\000y}{section.4}% 89
\BOOKMARK [2][-]{subsection.4.20}{\376\377\000C\000S\000R\000F\000\040\004\070\000\040\000X\000S\000S\000\040\004\062\000\040\000S\000p\000r\000i\000n\000g\000\040\000S\000e\000c\000u\000r\000i\000t\000y}{section.4}% 90
\BOOKMARK [2][-]{subsection.4.21}{\376\377\000S\000p\000r\000i\000n\000g\000\040\000A\000c\000t\000u\000a\000t\000o\000r}{section.4}% 91
\BOOKMARK [2][-]{subsection.4.22}{\376\377\004\047\004\065\004\102\004\113\004\100\004\065\000\040\004\067\004\076\004\073\004\076\004\102\004\113\004\105\000\040\004\101\004\070\004\063\004\075\004\060\004\073\004\060\000\040\004\074\004\076\004\075\004\070\004\102\004\076\004\100\004\070\004\075\004\063\004\060}{section.4}% 92
\BOOKMARK [2][-]{subsection.4.23}{\376\377\000S\000L\000I\000,\000\040\000S\000L\000O\000,\000\040\000S\000L\000A}{section.4}% 93
\BOOKMARK [2][-]{subsection.4.24}{\376\377\000H\000i\000s\000t\000o\000g\000r\000a\000m\000\040\004\070\000\040\000S\000u\000m\000m\000a\000r\000y\000\040\004\062\000\040\000P\000r\000o\000m\000e\000t\000h\000e\000u\000s}{section.4}% 94
\BOOKMARK [2][-]{subsection.4.25}{\376\377\000P\000r\000o\000m\000e\000t\000h\000e\000u\000s\000\040\000+\000\040\000G\000r\000a\000f\000a\000n\000a\000:\000\040\004\060\004\100\004\105\004\070\004\102\004\065\004\072\004\102\004\103\004\100\004\060\000\040\004\070\000\040\000p\000u\000s\000h\000/\000p\000u\000l\000l\000-\004\074\004\076\004\064\004\065\004\073\004\114}{section.4}% 95
\BOOKMARK [1][-]{section.5}{\376\377\000S\000y\000n\000c\000/\000a\000s\000y\000n\000c\000.}{}% 96
\BOOKMARK [2][-]{subsection.5.1}{\376\377\004\047\004\102\004\076\000\040\004\102\004\060\004\072\004\076\004\065\000\040\000O\000p\000e\000n\000A\000P\000I}{section.5}% 97
\BOOKMARK [2][-]{subsection.5.2}{\376\377\004\034\004\076\004\064\004\065\004\073\004\114\000\040\000O\000S\000I}{section.5}% 98
\BOOKMARK [2][-]{subsection.5.3}{\376\377\004\047\004\102\004\076\000\040\004\102\004\060\004\072\004\076\004\065\000\040\000H\000T\000T\000P\000:\000\040\004\100\004\060\004\061\004\076\004\102\004\060\000,\000\040\004\077\004\060\004\100\004\060\004\074\004\065\004\102\004\100\004\113}{section.5}% 99
\BOOKMARK [2][-]{subsection.5.4}{\376\377\004\047\004\102\004\076\000\040\004\102\004\060\004\072\004\076\004\065\000\040\000R\000E\000S\000T\000\040\000A\000P\000I}{section.5}% 100
\BOOKMARK [2][-]{subsection.5.5}{\376\377\004\032\004\076\004\064\004\113\000\040\004\101\004\076\004\101\004\102\004\076\004\117\004\075\004\070\004\117\000\040\000H\000T\000T\000P}{section.5}% 101
\BOOKMARK [2][-]{subsection.5.6}{\376\377\004\041\004\070\004\075\004\105\004\100\004\076\004\075\004\075\004\076\004\065\000\040\004\070\000\040\004\060\004\101\004\070\004\075\004\105\004\100\004\076\004\075\004\075\004\076\004\065\000\040\004\077\004\100\004\076\004\063\004\100\004\060\004\074\004\074\004\070\004\100\004\076\004\062\004\060\004\075\004\070\004\065}{section.5}% 102
\BOOKMARK [2][-]{subsection.5.7}{\376\377\004\047\004\102\004\076\000\040\004\102\004\060\004\072\004\076\004\065\000\040\000C\000i\000r\000c\000u\000i\000t\000\040\000B\000r\000e\000a\000k\000e\000r}{section.5}% 103
\BOOKMARK [2][-]{subsection.5.8}{\376\377\004\047\004\102\004\076\000\040\004\102\004\060\004\072\004\076\004\065\000\040\000R\000a\000t\000e\000\040\000L\000i\000m\000i\000t\000e\000r\000\040\004\070\000\040\004\067\004\060\004\107\004\065\004\074\000\040\004\076\004\075\000\040\004\075\004\103\004\066\004\065\004\075}{section.5}% 104
\BOOKMARK [2][-]{subsection.5.9}{\376\377\004\023\004\060\004\100\004\060\004\075\004\102\004\070\004\070\000\040\004\064\004\076\004\101\004\102\004\060\004\062\004\072\004\070\000\040\004\101\004\076\004\076\004\061\004\111\004\065\004\075\004\070\004\071}{section.5}% 105
\BOOKMARK [2][-]{subsection.5.10}{\376\377\004\030\004\064\004\065\004\074\004\077\004\076\004\102\004\065\004\075\004\102\004\075\004\113\004\065\000\040\004\076\004\077\004\065\004\100\004\060\004\106\004\070\004\070}{section.5}% 106
\BOOKMARK [2][-]{subsection.5.11}{\376\377\004\047\004\102\004\076\000\040\004\102\004\060\004\072\004\076\004\065\000\040\000K\000a\000f\000k\000a}{section.5}% 107
\BOOKMARK [2][-]{subsection.5.12}{\376\377\004\032\004\060\004\072\000\040\004\100\004\060\004\061\004\076\004\102\004\060\004\065\004\102\000\040\000c\000o\000n\000s\000u\000m\000e\000r\000\040\000g\000r\000o\000u\000p\000\040\004\062\000\040\000K\000a\000f\000k\000a}{section.5}% 108
\BOOKMARK [2][-]{subsection.5.13}{\376\377\004\047\004\102\004\076\000\040\004\102\004\060\004\072\004\076\004\065\000\040\000c\000o\000m\000m\000i\000t\000\040\000o\000f\000f\000s\000e\000t\000\040\004\062\000\040\000K\000a\000f\000k\000a}{section.5}% 109
\BOOKMARK [2][-]{subsection.5.14}{\376\377\004\035\004\060\004\101\004\102\004\100\004\076\004\071\004\072\004\070\000\040\000a\000c\000k\000s\000\040\004\103\000\040\000p\000r\000o\000d\000u\000c\000e\000r\000\040\004\070\000\040\004\063\004\060\004\100\004\060\004\075\004\102\004\070\004\070\000\040\004\064\004\076\004\101\004\102\004\060\004\062\004\072\004\070}{section.5}% 110
\BOOKMARK [2][-]{subsection.5.15}{\376\377\004\036\004\102\004\072\004\060\004\067\004\076\004\103\004\101\004\102\004\076\004\071\004\107\004\070\004\062\004\076\004\101\004\102\004\114\000\040\004\070\000\040\004\074\004\060\004\101\004\110\004\102\004\060\004\061\004\070\004\100\004\103\004\065\004\074\004\076\004\101\004\102\004\114\000\040\000K\000a\000f\000k\000a}{section.5}% 111
\BOOKMARK [2][-]{subsection.5.16}{\376\377\004\047\004\102\004\076\000\040\004\102\004\060\004\072\004\076\004\065\000\040\000l\000o\000o\000s\000e\000\040\000c\000o\000u\000p\000l\000i\000n\000g\000\040\004\062\000\040\004\072\004\076\004\075\004\102\004\065\004\072\004\101\004\102\004\065\000\040\004\060\004\101\004\070\004\075\004\105\004\100\004\076\004\075\004\075\004\076\004\063\004\076\000\040\004\062\004\067\004\060\004\070\004\074\004\076\004\064\004\065\004\071\004\101\004\102\004\062\004\070\004\117}{section.5}% 112
\BOOKMARK [2][-]{subsection.5.17}{\376\377\004\037\004\100\004\076\004\061\004\073\004\065\004\074\004\113\000\040\004\072\004\076\004\075\004\101\004\070\004\101\004\102\004\065\004\075\004\102\004\075\004\076\004\101\004\102\004\070\000\040\004\077\004\100\004\070\000\040\004\100\004\060\004\061\004\076\004\102\004\065\000\040\004\101\000\040\004\075\004\065\004\101\004\072\004\076\004\073\004\114\004\072\004\070\004\074\004\070\000\040\004\070\004\101\004\102\004\076\004\107\004\075\004\070\004\072\004\060\004\074\004\070\000\040\004\064\004\060\004\075\004\075\004\113\004\105}{section.5}% 113
\BOOKMARK [2][-]{subsection.5.18}{\376\377\004\032\004\060\004\072\000\040\004\100\004\060\004\061\004\076\004\102\004\060\004\065\004\102\000\040\004\064\004\062\004\103\004\105\004\104\004\060\004\067\004\075\004\113\004\071\000\040\004\072\004\076\004\074\004\074\004\070\004\102\000\040\000\050\0002\000P\000C\000\051}{section.5}% 114
\BOOKMARK [2][-]{subsection.5.19}{\376\377\004\032\004\060\004\072\000\040\004\100\004\060\004\061\004\076\004\102\004\060\004\065\004\102\000\040\000T\000r\000a\000n\000s\000a\000c\000t\000i\000o\000n\000a\000l\000\040\000O\000u\000t\000b\000o\000x}{section.5}% 115
\BOOKMARK [2][-]{subsection.5.20}{\376\377\004\047\004\102\004\076\000\040\004\102\004\060\004\072\004\076\004\065\000\040\000J\000S\000O\000N\000,\000\040\004\077\004\100\004\065\004\070\004\074\004\103\004\111\004\065\004\101\004\102\004\062\004\060\000\040\004\070\000\040\004\075\004\065\004\064\004\076\004\101\004\102\004\060\004\102\004\072\004\070}{section.5}% 116
\BOOKMARK [2][-]{subsection.5.21}{\376\377\004\047\004\102\004\076\000\040\004\102\004\060\004\072\004\076\004\065\000\040\000P\000r\000o\000t\000o\000c\000o\000l\000\040\000B\000u\000f\000f\000e\000r\000s\000\040\004\070\000\040\004\072\004\060\004\072\000\040\004\076\004\075\004\070\000\040\004\100\004\060\004\061\004\076\004\102\004\060\004\116\004\102}{section.5}% 117
\BOOKMARK [2][-]{subsection.5.22}{\376\377\004\047\004\102\004\076\000\040\004\102\004\060\004\072\004\076\004\065\000\040\000A\000v\000r\000o\000\040\004\070\000\040\004\072\004\060\004\072\000\040\004\076\004\075\000\040\004\100\004\060\004\061\004\076\004\102\004\060\004\065\004\102}{section.5}% 118
\BOOKMARK [2][-]{subsection.5.23}{\376\377\004\047\004\102\004\076\000\040\004\102\004\060\004\072\004\076\004\065\000\040\004\077\004\100\004\117\004\074\004\060\004\117\000\040\004\070\000\040\004\076\004\061\004\100\004\060\004\102\004\075\004\060\004\117\000\040\004\101\004\076\004\062\004\074\004\065\004\101\004\102\004\070\004\074\004\076\004\101\004\102\004\114\000\040\004\101\004\105\004\065\004\074}{section.5}% 119
\BOOKMARK [2][-]{subsection.5.24}{\376\377\004\032\004\060\004\072\000\040\004\076\004\061\004\065\004\101\004\077\004\065\004\107\004\070\004\102\004\114\000\040\004\101\004\076\004\062\004\074\004\065\004\101\004\102\004\070\004\074\004\076\004\101\004\102\004\114\000\040\004\077\004\100\004\070\000\040\004\064\004\076\004\061\004\060\004\062\004\073\004\065\004\075\004\070\004\070\000\040\004\075\004\076\004\062\004\113\004\105\000\040\004\077\004\076\004\073\004\065\004\071\000\040\004\062\000\040\000J\000S\000O\000N\000-\004\101\004\105\004\065\004\074\004\103}{section.5}% 120
